5 [140106513987392] INFO perfrun.launcher <> - Launcher main begin
9 [140106513987392] INFO perfrun.launcher <> - MessageCatalogInit finished
9 [140106513987392] INFO perfrun.launcher <> - Launcher instance created
9 [140106513987392] INFO perfrun.launcher <> - argc = 7; cmdline = /opt/intel/oneapi/vtune/2025.7/bin64/amplxe-runss --ui-output-format xml --ui-output-fd 7 --option-file /afs/hep.wisc.edu/user/kmartine/TACHEP_GPU/tac-hep-gpus/Project/Cpp/r000hs/config/runss.options 
116 [140106513987392] INFO perfrun.perfcollector <> - SEP tool path: /opt/intel/oneapi/vtune/2025.7/bin64/sep
127 [140106513987392] INFO perfrun.launcher <> - create msngr2::ICliToolContext
127 [140106513987392] INFO perfrun.launcher <> - create file finder object
127 [140106513987392] INFO perfrun.launcher <> - create a result directory: pattern = /afs/hep.wisc.edu/user/kmartine/TACHEP_GPU/tac-hep-gpus/Project/Cpp/r000hs pid = 4294967295
133 [140106513987392] INFO perfrun.sdk <> - checked that the directory /afs/hep.wisc.edu/user/kmartine/TACHEP_GPU/tac-hep-gpus/Project/Cpp/r000hs is a local directory
133 [140106513987392] INFO perfrun.sdk <> - the directory /afs/hep.wisc.edu/user/kmartine/TACHEP_GPU/tac-hep-gpus/Project/Cpp/r000hs is located on a share or its FS ID is unknown 1397113167
133 [140106513987392] INFO perfrun.sdk <> - checked that the directory /tmp/amplxe-tmp-kmartine is a local directory
133 [140106513987392] INFO perfrun.sdk <> - the directory /tmp/amplxe-tmp-kmartine is a local directory with FS type ID 61267
134 [140106513987392] INFO perfrun.launcher <> - Create a local result directory /tmp/amplxe-tmp-kmartine/amplxe-res-177762-8268727982735320 due to the user result path /afs/hep.wisc.edu/user/kmartine/TACHEP_GPU/tac-hep-gpus/Project/Cpp/r000hs is located on a share
134 [140106513987392] INFO perfrun.launcher <> - create data directory = /tmp/amplxe-tmp-kmartine/amplxe-res-177762-8268727982735320/data.0
136 [140106513987392] INFO perfrun.launcher <> - create data directory = /afs/hep.wisc.edu/user/kmartine/TACHEP_GPU/tac-hep-gpus/Project/Cpp/r000hs/data.0
138 [140106513987392] INFO perfrun.launcher <> - Creating the master collection flag
143 [140106513987392] INFO perfrun.launcher <> - Done creating the master collection flag
159 [140106360940096] INFO perfrun.launcher <> - plugin [remoteplug] was disabled because it doesn't support the given collection type.
161 [140106360940096] INFO perfrun.sdk <> - Allocating TMU :/tmp/amplxe-tmp-kmartine/amplxe-res-177762-8268727982735320/data.0/systemcollector-177762-g38n11.hep.wisc.edu.sc
161 [140106360940096] INFO perfrun.system <> - Tpss based collection
161 [140106360940096] INFO perfrun.launcher <> - plugin [ptracecollector] was disabled because it doesn't support the given collection type.
161 [140106360940096] INFO perfrun.launcher <> - plugin [gpu] was disabled because it doesn't support the given collection type.
161 [140106360940096] INFO perfrun.launcher <> - plugin [] was disabled because it doesn't support the given collection type.
162 [140106360940096] INFO perfrun.launcher <> - plugin [] was disabled because it doesn't support the given collection type.
162 [140106360940096] INFO perfrun.launcher <> - plugin [] was disabled because it doesn't support the given collection type.
162 [140106360940096] INFO perfrun.mrte <> - system-wide mode is 0
162 [140106360940096] INFO perfrun.mrte <> - Getting  mrte profiling environment ...
177 [140106360940096] INFO perfrun.mrte <> - INTEL_MRTE_DATA_DIR=/tmp/amplxe-tmp-kmartine/amplxe-res-177762-8268727982735320/data.0
177 [140106360940096] INFO perfrun.mrte <> - INTEL_MRTE_HOST_NAME=g38n11.hep.wisc.edu
177 [140106360940096] INFO perfrun.mrte <> - JAVA_TOOL_OPTIONS=-agentlib:amplxe_samplingmrte_javaprof_1.0 -Dsun.boot.library.path=/opt/intel/oneapi/vtune/2025.7/lib32/runtime:/opt/intel/oneapi/vtune/2025.7/lib64/runtime
177 [140106360940096] INFO perfrun.mrte <> - LD_LIBRARY_PATH=/opt/intel/oneapi/vtune/2025.7/lib32/runtime:/opt/intel/oneapi/vtune/2025.7/lib64/runtime:/opt/intel/oneapi/tcm/1.4/lib:/opt/intel/oneapi/umf/0.11/lib:/opt/intel/oneapi/tbb/2022.2/env/../lib/intel64/gcc4.8:/opt/intel/oneapi/debugger/2025.2/opt/debugger/lib:/opt/intel/oneapi/compiler/2025.2/opt/compiler/lib:/opt/intel/oneapi/compiler/2025.2/lib:/usr/local/cuda/lib
177 [140106360940096] INFO perfrun.mrte <> - CORECLR_ENABLE_PROFILING=1
177 [140106360940096] INFO perfrun.mrte <> - CORECLR_PROFILER={AA5E4821-E3B1-479c-B7FF-5AD047D22CED}
177 [140106360940096] INFO perfrun.mrte <> - CORECLR_PROFILER_PATH=/opt/intel/oneapi/vtune/2025.7/lib64/libamplxe_samplingmrte_clrprof_1.0.so
177 [140106360940096] INFO perfrun.mrte <> - INTEL_MRTE_PROFILER_MODE=mixed
177 [140106360940096] INFO perfrun.mrte <> - Data directory: /tmp/amplxe-tmp-kmartine/amplxe-res-177762-8268727982735320/data.0
177 [140106360940096] INFO perfrun.mrte <> - Mrte plugin is initialized
177 [140106360940096] INFO perfrun.launcher <> - plugin [emon] was disabled because it doesn't support the given collection type.
177 [140106360940096] INFO perfrun.launcher <> - plugin [cuscol] was disabled because it doesn't support the given collection type.
177 [140106360940096] INFO perfrun.launcher <> - plugin [stdsrc] was disabled because it doesn't support the given collection type.
177 [140106360940096] INFO perfrun.launcher <> - plugin [sep] was disabled because it doesn't support the given collection type.
177 [140106360940096] INFO perfrun.launcher <> - plugin [vtsspp] was disabled because it doesn't support the given collection type.
178 [140106360940096] INFO perfrun.launcher <> - plugin [perf] was disabled because it doesn't support the given collection type.
178 [140106360940096] INFO perfrun.launcher <> - plugin [aoclprofile] was disabled because it doesn't support the given collection type.
178 [140106360940096] INFO perfrun.tpss <> - initialize tpss controller
178 [140106360940096] INFO perfrun.tpss <> - configure collection mode: value = cpu:counters:nostack
178 [140106360940096] INFO perfrun.tpss <> - configure collection mode: value = cpu:stack
178 [140106360940096] INFO perfrun.tpss <> - default obj-size-min=1024
178 [140106360940096] INFO perfrun.tpss <> - default hash-table-size=0
178 [140106360940096] INFO perfrun.launcher <> - plugin [media] was disabled because it doesn't support the given collection type.
178 [140106360940096] INFO perfrun.launcher <> - plugin [] was disabled because it doesn't support the given collection type.
178 [140106360940096] INFO perfrun.launcher <> - plugin [] was disabled because it doesn't support the given collection type.
178 [140106360940096] INFO perfrun.launcher <> - plugin [parallelfs] was disabled because it doesn't support the given collection type.
178 [140106360940096] INFO perfrun.launcher <> - plugin [power] was disabled because it doesn't support the given collection type.
178 [140106360940096] INFO perfrun.launcher <> - plugin [] was disabled because it doesn't support the given collection type.
178 [140106360940096] INFO perfrun.launcher <> - plugin [] was disabled because it doesn't support the given collection type.
178 [140106360940096] INFO perfrun.launcher <> - plugin [] was disabled because it doesn't support the given collection type.
178 [140106360940096] INFO perfrun.launcher <> - plugin [l0_metrics] was disabled because it doesn't support the given collection type.
178 [140106360940096] INFO perfrun.launcher <> - plugin [stall_reasons] was disabled because it doesn't support the given collection type.
178 [140106513987392] INFO perfrun.launcher <> - set environment variable: LD_LIBRARY_PATH = /opt/intel/oneapi/vtune/2025.7/lib32/runtime:/opt/intel/oneapi/vtune/2025.7/lib64/runtime:/opt/intel/oneapi/tcm/1.4/lib:/opt/intel/oneapi/umf/0.11/lib:/opt/intel/oneapi/tbb/2022.2/env/../lib/intel64/gcc4.8:/opt/intel/oneapi/debugger/2025.2/opt/debugger/lib:/opt/intel/oneapi/compiler/2025.2/opt/compiler/lib:/opt/intel/oneapi/compiler/2025.2/lib:/usr/local/cuda/lib
178 [140106513987392] INFO perfrun.launcher <> - set environment variable: INTEL_LIBITTNOTIFY32 = /opt/intel/oneapi/vtune/2025.7/lib32/runtime/libittnotify_collector.so
178 [140106513987392] INFO perfrun.launcher <> - set environment variable: INTEL_LIBITTNOTIFY64 = /opt/intel/oneapi/vtune/2025.7/lib64/runtime/libittnotify_collector.so
178 [140106513987392] INFO perfrun.launcher <> - set environment variable: INTEL_ITTNOTIFY_GROUPS = 
179 [140106513987392] INFO perfrun.launcher <> - set environment variable: INTEL_JIT_PROFILER32 = /opt/intel/oneapi/vtune/2025.7/lib32/runtime/libittnotify_collector.so
179 [140106513987392] INFO perfrun.launcher <> - set environment variable: INTEL_JIT_PROFILER64 = /opt/intel/oneapi/vtune/2025.7/lib64/runtime/libittnotify_collector.so
179 [140106513987392] INFO perfrun.launcher <> - set environment variable: CCL_ITT_LEVEL = 1
179 [140106513987392] INFO perfrun.launcher <> - set environment variable: ENABLE_JITPROFILING = 1
179 [140106513987392] INFO perfrun.launcher <> - set environment variable: CL_CONFIG_USE_VTUNE = True
179 [140106513987392] INFO perfrun.launcher <> - set environment variable: KMP_FORKJOIN_FRAMES = 0
179 [140106513987392] INFO perfrun.launcher <> - set environment variable: KMP_FORKJOIN_FRAMES_MODE = 0
179 [140106513987392] INFO perfrun.launcher <> - set environment variable: INTEL_MRTE_DATA_DIR = /tmp/amplxe-tmp-kmartine/amplxe-res-177762-8268727982735320/data.0
179 [140106513987392] INFO perfrun.launcher <> - set environment variable: INTEL_MRTE_HOST_NAME = g38n11.hep.wisc.edu
179 [140106513987392] INFO perfrun.launcher <> - set environment variable: JAVA_TOOL_OPTIONS = -agentlib:amplxe_samplingmrte_javaprof_1.0 -Dsun.boot.library.path=/opt/intel/oneapi/vtune/2025.7/lib32/runtime:/opt/intel/oneapi/vtune/2025.7/lib64/runtime
179 [140106513987392] INFO perfrun.launcher <> - set environment variable: LD_LIBRARY_PATH = /opt/intel/oneapi/vtune/2025.7/lib32/runtime:/opt/intel/oneapi/vtune/2025.7/lib64/runtime:/opt/intel/oneapi/tcm/1.4/lib:/opt/intel/oneapi/umf/0.11/lib:/opt/intel/oneapi/tbb/2022.2/env/../lib/intel64/gcc4.8:/opt/intel/oneapi/debugger/2025.2/opt/debugger/lib:/opt/intel/oneapi/compiler/2025.2/opt/compiler/lib:/opt/intel/oneapi/compiler/2025.2/lib:/usr/local/cuda/lib
179 [140106513987392] INFO perfrun.launcher <> - set environment variable: CORECLR_ENABLE_PROFILING = 1
179 [140106513987392] INFO perfrun.launcher <> - set environment variable: CORECLR_PROFILER = {AA5E4821-E3B1-479c-B7FF-5AD047D22CED}
179 [140106513987392] INFO perfrun.launcher <> - set environment variable: CORECLR_PROFILER_PATH = /opt/intel/oneapi/vtune/2025.7/lib64/libamplxe_samplingmrte_clrprof_1.0.so
179 [140106513987392] INFO perfrun.launcher <> - set environment variable: INTEL_MRTE_PROFILER_MODE = mixed
179 [140106513987392] INFO perfrun.launcher <> - RpcServer: run RPC server to handle requests
182 [140106513987392] INFO perfrun.launcher <> - Launcher: command line to start before modification = ./mult_stencil
182 [140106513987392] INFO perfrun.launcher <> - Launcher: command line to start after modification = /opt/intel/oneapi/vtune/2025.7/bin64/pin -error_file /tmp/amplxe-tmp-kmartine/amplxe-res-177762-8268727982735320/data.0/pinerr.tpsslog -detach_reattach -follow_execv -tool_load_option deepbind -t64 /opt/intel/oneapi/vtune/2025.7/lib64/libtpsstool.so -t /opt/intel/oneapi/vtune/2025.7/lib32/libtpsstool.so -server_name tpss_ipc.177762 -prd_dir /opt/intel/oneapi/vtune/2025.7 -- ./mult_stencil
182 [140106513987392] INFO perfrun.launcher <> - ProcessCreator object was created
185 [140106513987392] INFO perfrun.launcher <> - Launcher: the process was started in suspend mode
196 [140106360940096] WARN perfrun.system <> - Could not do anything with /sys/kernel/debug/kvm: boost::filesystem::status: Permission denied [system:13]: "/sys/kernel/debug/kvm", at file: vcs/perfrun1/plugins/system/src/trace_writer.cpp:791
196 [140106360940096] WARN perfrun.system <> - Folder "/var/run/libvirt/qemu/"doesn't exist, at file: vcs/perfrun1/plugins/system/src/trace_writer.cpp:804
208 [140106360940096] WARN perfrun.sdk <> - Failed to find xl binary on any of the system paths: /bin, /sbin, /usr/bin, /usr/sbin., at file: vcs/perfrun1/sdk/src/utils.cpp:205
208 [140106360940096] WARN perfrun.system <> - Could not start ContainerMapping collector, at file: vcs/perfrun1/plugins/system/src/controller.cpp:450
227 [140106360940096] INFO perfrun.vdso <> - Helper runtool '/opt/intel/oneapi/vtune/2025.7/bin32/amplxe-runss -dump-vdso -r /tmp/amplxe-tmp-kmartine/amplxe-res-177762-8268727982735320 --tmp-dir /tmp/amplxe-tmp-kmartine' returned 1
378 [140106360940096] INFO perfrun.vdso <> - Helper runtool '/opt/intel/oneapi/vtune/2025.7/bin64/amplxe-runss -dump-vdso -r /tmp/amplxe-tmp-kmartine/amplxe-res-177762-8268727982735320 --tmp-dir /tmp/amplxe-tmp-kmartine' returned 0
378 [140106360940096] INFO perfrun.itt <> - start itt controller for pid #177857
379 [140106360940096] INFO perfrun.tpss <> - start tpss controller for pid #177857
429 [140106513987392] INFO perfrun.launcher <> - Launcher: all plugins were started
430 [140106513987392] INFO perfrun.launcher <> - DirectoryMonitor object was created
430 [140106513987392] INFO perfrun.launcher <> - DirectoryMonitor: a callback was added
430 [140106513987392] INFO perfrun.launcher <> - DirectoryMonitor was started with pingTime = 1000
430 [140106513987392] INFO perfrun.launcher <> - DeadlineTimer is going to be constructed
430 [140106513987392] INFO perfrun.launcher <> - DeadlineTimer: a callback was added
437 [140106513987392] INFO perfrun.launcher <> - Launcher: resume the profiled application and  wait its termination or stop command
1469 [140106513987392] INFO perfrun.launcher <> - Launcher: the profiled application was terminated  with exit code = 0
1474 [140106360940096] INFO perfrun.itt <> - detach itt controller
1474 [140106360940096] INFO perfrun.itt <> - detach itt controller done
1474 [140106360940096] INFO perfrun.tpss <> - stop tpss controller
1475 [140106360940096] INFO perfrun.sdk <> - De-allocating TMU: /tmp/amplxe-tmp-kmartine/amplxe-res-177762-8268727982735320/data.0/systemcollector-177762-g38n11.hep.wisc.edu.sc
1475 [140106360940096] INFO perfrun.system <> - closed the system trace file: /tmp/amplxe-tmp-kmartine/amplxe-res-177762-8268727982735320/data.0/systemcollector-177762-g38n11.hep.wisc.edu.sc
1475 [140106513987392] INFO perfrun.launcher <> - Launcher: all plugins were stopped.
1475 [140106513987392] INFO perfrun.launcher <> - DeadlineTimer is going to be destroyed
1475 [140106513987392] INFO perfrun.launcher <> - DeadlineTimer was destroyed
1475 [140106513987392] INFO perfrun.launcher <> - DirectoryMonitor object was destroyed
1475 [140106513987392] WARN perfrun.launcher <> - Stop command is ignored because it is received when collection is already stopped, at file: vcs/perfrun1/launcher/src/command_handler.cpp:226
1553 [140106513987392] INFO perfrun.launcher <> - Application exit code: 0
1553 [140106513987392] INFO perfrun.launcher <> - Exit code: 0
